[36mvite v6.3.5 [32mbuilding for production...[36m[39m
transforming...
[32m✓[39m 4484 modules transformed.
rendering chunks...
computing gzip size...
[2mdist/[22m[32mregisterSW.js                        [39m[1m[2m  0.13 kB[22m[1m[22m
[2mdist/[22m[32mmanifest.webmanifest                 [39m[1m[2m  0.69 kB[22m[1m[22m
[2mdist/[22m[32mindex.html                           [39m[1m[2m  2.74 kB[22m[1m[22m[2m │ gzip:   0.99 kB[22m
[2mdist/[22m[35massets/index-Bodfmld1.css            [39m[1m[2m145.49 kB[22m[1m[22m[2m │ gzip:  22.27 kB[22m
[2mdist/[22m[36massets/skeleton-Bq9psBS-.js          [39m[1m[2m  0.24 kB[22m[1m[22m[2m │ gzip:   0.20 kB[22m
[2mdist/[22m[36massets/loader-circle-BQuCyEY6.js     [39m[1m[2m  0.31 kB[22m[1m[22m[2m │ gzip:   0.26 kB[22m
[2mdist/[22m[36massets/plus-CMfOvnLv.js              [39m[1m[2m  0.33 kB[22m[1m[22m[2m │ gzip:   0.25 kB[22m
[2mdist/[22m[36massets/circle-check-big-DGQzvL4k.js  [39m[1m[2m  0.36 kB[22m[1m[22m[2m │ gzip:   0.28 kB[22m
[2mdist/[22m[36massets/credit-card-DQe1hlP8.js       [39m[1m[2m  0.38 kB[22m[1m[22m[2m │ gzip:   0.29 kB[22m
[2mdist/[22m[36massets/dollar-sign-S9lJtIsc.js       [39m[1m[2m  0.39 kB[22m[1m[22m[2m │ gzip:   0.30 kB[22m
[2mdist/[22m[36massets/copy-Bt2zKxXH.js              [39m[1m[2m  0.40 kB[22m[1m[22m[2m │ gzip:   0.31 kB[22m
[2mdist/[22m[36massets/activity-BHYh-JUJ.js          [39m[1m[2m  0.41 kB[22m[1m[22m[2m │ gzip:   0.30 kB[22m
[2mdist/[22m[36massets/circle-alert-C4-_fIBZ.js      [39m[1m[2m  0.42 kB[22m[1m[22m[2m │ gzip:   0.29 kB[22m
[2mdist/[22m[36massets/eye-DfUiWSDW.js               [39m[1m[2m  0.42 kB[22m[1m[22m[2m │ gzip:   0.30 kB[22m
[2mdist/[22m[36massets/calendar-rgXeO0qD.js          [39m[1m[2m  0.43 kB[22m[1m[22m[2m │ gzip:   0.30 kB[22m
[2mdist/[22m[36massets/zap-CjDQR0RH.js               [39m[1m[2m  0.44 kB[22m[1m[22m[2m │ gzip:   0.31 kB[22m
[2mdist/[22m[36massets/download-C9OttW4h.js          [39m[1m[2m  0.44 kB[22m[1m[22m[2m │ gzip:   0.32 kB[22m
[2mdist/[22m[36massets/shield-Cz8GYKcz.js            [39m[1m[2m  0.44 kB[22m[1m[22m[2m │ gzip:   0.33 kB[22m
[2mdist/[22m[36massets/square-pen-BqeLqKQA.js        [39m[1m[2m  0.49 kB[22m[1m[22m[2m │ gzip:   0.34 kB[22m
[2mdist/[22m[36massets/refresh-cw-B09T7TMR.js        [39m[1m[2m  0.49 kB[22m[1m[22m[2m │ gzip:   0.33 kB[22m
[2mdist/[22m[36massets/save-CH3tLfCB.js              [39m[1m[2m  0.50 kB[22m[1m[22m[2m │ gzip:   0.33 kB[22m
[2mdist/[22m[36massets/file-text-B9QBTFg4.js         [39m[1m[2m  0.51 kB[22m[1m[22m[2m │ gzip:   0.32 kB[22m
[2mdist/[22m[36massets/chevron-up-D2spYWh6.js        [39m[1m[2m  0.55 kB[22m[1m[22m[2m │ gzip:   0.28 kB[22m
[2mdist/[22m[36massets/layers-DRonvMSV.js            [39m[1m[2m  0.59 kB[22m[1m[22m[2m │ gzip:   0.34 kB[22m
[2mdist/[22m[36massets/building-2-ByuOq0dj.js        [39m[1m[2m  0.61 kB[22m[1m[22m[2m │ gzip:   0.35 kB[22m
[2mdist/[22m[36massets/arrow-up-right-DLQAJomE.js    [39m[1m[2m  0.63 kB[22m[1m[22m[2m │ gzip:   0.32 kB[22m
[2mdist/[22m[36massets/minus-BtMsZzTQ.js             [39m[1m[2m  0.63 kB[22m[1m[22m[2m │ gzip:   0.34 kB[22m
[2mdist/[22m[36massets/wallets-BUBfWfcf.js           [39m[1m[2m  0.91 kB[22m[1m[22m[2m │ gzip:   0.48 kB[22m
[2mdist/[22m[36massets/card-DVYKipuQ.js              [39m[1m[2m  1.07 kB[22m[1m[22m[2m │ gzip:   0.44 kB[22m
[2mdist/[22m[36massets/trending-down-DDL_Bqav.js     [39m[1m[2m  1.24 kB[22m[1m[22m[2m │ gzip:   0.55 kB[22m
[2mdist/[22m[36massets/zoom-in-CDJ4STGm.js           [39m[1m[2m  1.29 kB[22m[1m[22m[2m │ gzip:   0.54 kB[22m
[2mdist/[22m[36massets/tabs-CSx-Wpsc.js              [39m[1m[2m  1.31 kB[22m[1m[22m[2m │ gzip:   0.57 kB[22m
[2mdist/[22m[36massets/dialog-U1-Ar2NE.js            [39m[1m[2m  2.07 kB[22m[1m[22m[2m │ gzip:   0.80 kB[22m
[2mdist/[22m[36massets/currency-CJeavKkV.js          [39m[1m[2m  2.08 kB[22m[1m[22m[2m │ gzip:   0.99 kB[22m
[2mdist/[22m[36massets/select-CmLADk27.js            [39m[1m[2m  3.02 kB[22m[1m[22m[2m │ gzip:   1.11 kB[22m
[2mdist/[22m[36massets/forecast-1u6FuOwl.js          [39m[1m[2m  3.77 kB[22m[1m[22m[2m │ gzip:   1.76 kB[22m
[2mdist/[22m[36massets/Analytics-BwZm-10j.js         [39m[1m[2m  6.21 kB[22m[1m[22m[2m │ gzip:   1.77 kB[22m
[2mdist/[22m[36massets/QRGenerator-BhfaC7Oy.js       [39m[1m[2m  6.46 kB[22m[1m[22m[2m │ gzip:   2.46 kB[22m
[2mdist/[22m[36massets/WalletTracker-Nliec_CR.js     [39m[1m[2m  7.58 kB[22m[1m[22m[2m │ gzip:   2.28 kB[22m
[2mdist/[22m[36massets/Login-D0GSTKPQ.js             [39m[1m[2m  7.78 kB[22m[1m[22m[2m │ gzip:   2.45 kB[22m
[2mdist/[22m[36massets/Budgets-DdVQsm5q.js           [39m[1m[2m  8.14 kB[22m[1m[22m[2m │ gzip:   2.93 kB[22m
[2mdist/[22m[36massets/Webhooks-Db6NGHPB.js          [39m[1m[2m 10.48 kB[22m[1m[22m[2m │ gzip:   3.85 kB[22m
[2mdist/[22m[36massets/Settings-CaCJOblW.js          [39m[1m[2m 11.09 kB[22m[1m[22m[2m │ gzip:   3.41 kB[22m
[2mdist/[22m[36massets/Gallery-C5xUFLrP.js           [39m[1m[2m 11.84 kB[22m[1m[22m[2m │ gzip:   3.70 kB[22m
[2mdist/[22m[36massets/api-BwDhaM8d.js               [39m[1m[2m 13.38 kB[22m[1m[22m[2m │ gzip:   4.50 kB[22m
[2mdist/[22m[36massets/Profile-b-CzUUce.js           [39m[1m[2m 13.57 kB[22m[1m[22m[2m │ gzip:   3.66 kB[22m
[2mdist/[22m[36massets/ImageFilter-CrGNQ9em.js       [39m[1m[2m 19.53 kB[22m[1m[22m[2m │ gzip:   7.09 kB[22m
[2mdist/[22m[36massets/SMSParser-vV9KQVxv.js         [39m[1m[2m 19.74 kB[22m[1m[22m[2m │ gzip:   5.88 kB[22m
[2mdist/[22m[36massets/CryptoMarket-Iz17ofww.js      [39m[1m[2m 21.69 kB[22m[1m[22m[2m │ gzip:   6.50 kB[22m
[2mdist/[22m[36massets/browser-CFIv3dYp.js           [39m[1m[2m 25.78 kB[22m[1m[22m[2m │ gzip:  10.14 kB[22m
[2mdist/[22m[36massets/CurrencyTrading-UYH-tNce.js   [39m[1m[2m 28.79 kB[22m[1m[22m[2m │ gzip:   7.73 kB[22m
[2mdist/[22m[36massets/StockMarket-2jNMxIT9.js       [39m[1m[2m 34.63 kB[22m[1m[22m[2m │ gzip:   9.70 kB[22m
[2mdist/[22m[36massets/ScanReceipt-DfBs-3iR.js       [39m[1m[2m 46.42 kB[22m[1m[22m[2m │ gzip:  13.58 kB[22m
[2mdist/[22m[36massets/Dashboard-BA41UwgU.js         [39m[1m[2m 79.94 kB[22m[1m[22m[2m │ gzip:  24.80 kB[22m
[2mdist/[22m[36massets/vendor-router-DNTmwVpe.js     [39m[1m[2m 94.35 kB[22m[1m[22m[2m │ gzip:  32.06 kB[22m
[2mdist/[22m[36massets/index-CiatryEj.js             [39m[1m[2m127.57 kB[22m[1m[22m[2m │ gzip:  36.90 kB[22m
[2mdist/[22m[36massets/vendor-mui-CvqdgWcr.js        [39m[1m[2m130.28 kB[22m[1m[22m[2m │ gzip:  42.87 kB[22m
[2mdist/[22m[36massets/vendor-supabase-Dh9noGnp.js   [39m[1m[2m197.05 kB[22m[1m[22m[2m │ gzip:  51.89 kB[22m
[2mdist/[22m[36massets/vendor-radix-BXzHldwG.js      [39m[1m[2m264.76 kB[22m[1m[22m[2m │ gzip:  84.43 kB[22m
[2mdist/[22m[36massets/vendor-ml-CTOmeeeO.js         [39m[1m[2m391.77 kB[22m[1m[22m[2m │ gzip: 118.05 kB[22m
[2mdist/[22m[36massets/vendor-charts-DcYDt9Ez.js     [39m[1m[2m444.00 kB[22m[1m[22m[2m │ gzip: 117.56 kB[22m
[32m✓ built in 15.17s[39m

PWA v1.2.0
mode      generateSW
precache  65 entries (2146.84 KiB)
files generated
  dist/sw.js
  dist/workbox-8bff822b.js
